// Jest Snapshot v1, https://goo.gl/fbAQLP

exports[`Snapshot media-insights-dataplane-streaming stack test 1`] = `
{
  "AWSTemplateFormatVersion": "2010-09-09",
  "Description": "media-insights-on-aws. This AWS CloudFormation template defines resources for the analytics streaming pipeline. Version %%VERSION%%",
  "Mappings": {
    "SourceCode": {
      "General": {
        "CodeKeyPrefix": "media-insights-on-aws/%%VERSION%%",
        "RegionalS3Bucket": "%%REGIONAL_BUCKET_NAME%%",
      },
    },
  },
  "Outputs": {
    "MiTestStackAnalyticsAnalyticsStreamArn": {
      "Value": {
        "Fn::GetAtt": [
          "AnalyticsStream",
          "Arn",
        ],
      },
    },
  },
  "Parameters": {
    "KinesisShardCount": {
      "Default": 1,
      "Type": "Number",
    },
    "botoConfig": {
      "Description": "Botocore config",
      "Type": "String",
    },
    "referencetoMiTestStackDataplaneTableF492DF1EStreamArn": {
      "Type": "String",
    },
    "referencetoMiTestStackMieKeyArn": {
      "Type": "String",
    },
  },
  "Resources": {
    "AnalyticsStream": {
      "DeletionPolicy": "Retain",
      "Metadata": {
        "cdk_nag": {
          "rules_to_suppress": [
            {
              "id": "AwsSolutions-KDS3",
              "reason": "Customer managed key is being used to encrypt Kinesis Data Stream",
            },
          ],
        },
      },
      "Properties": {
        "RetentionPeriodHours": 24,
        "ShardCount": {
          "Ref": "KinesisShardCount",
        },
        "StreamEncryption": {
          "EncryptionType": "KMS",
          "KeyId": {
            "Ref": "referencetoMiTestStackMieKeyArn",
          },
        },
        "Tags": [
          {
            "Key": "environment",
            "Value": "mie",
          },
        ],
      },
      "Type": "AWS::Kinesis::Stream",
      "UpdateReplacePolicy": "Retain",
    },
    "DynamoDBStreamingFunction": {
      "DependsOn": [
        "LambdaStreamRoleDefaultPolicy",
        "LambdaStreamRole",
      ],
      "Metadata": {
        "cdk_nag": {
          "rules_to_suppress": [
            {
              "id": "AwsSolutions-L1",
              "reason": "Latest lambda version not supported at this time.",
            },
          ],
        },
        "cfn_nag": {
          "rules_to_suppress": [
            {
              "id": "W89",
              "reason": "This Lambda function does not need to access any resource provisioned within a VPC.",
            },
            {
              "id": "W92",
              "reason": "This function does not require performance optimization, so the default concurrency limits suffice.",
            },
          ],
        },
      },
      "Properties": {
        "Code": {
          "S3Bucket": {
            "Fn::Join": [
              "-",
              [
                {
                  "Fn::FindInMap": [
                    "SourceCode",
                    "General",
                    "RegionalS3Bucket",
                  ],
                },
                {
                  "Ref": "AWS::Region",
                },
              ],
            ],
          },
          "S3Key": {
            "Fn::Join": [
              "/",
              [
                {
                  "Fn::FindInMap": [
                    "SourceCode",
                    "General",
                    "CodeKeyPrefix",
                  ],
                },
                "ddbstream.zip",
              ],
            ],
          },
        },
        "Environment": {
          "Variables": {
            "StreamName": {
              "Ref": "AnalyticsStream",
            },
            "botoConfig": {
              "Ref": "botoConfig",
            },
          },
        },
        "Handler": "stream.lambda_handler",
        "Role": {
          "Fn::GetAtt": [
            "LambdaStreamRole",
            "Arn",
          ],
        },
        "Runtime": "python3.11",
        "Tags": [
          {
            "Key": "environment",
            "Value": "mie",
          },
        ],
        "TracingConfig": {
          "Mode": "PassThrough",
        },
      },
      "Type": "AWS::Lambda::Function",
    },
    "DynamoDBStreamingFunctionDynamoDBEventSourceMiTestStackDataplaneTableEC93931E": {
      "Metadata": {
        "cdk_nag": {
          "rules_to_suppress": [
            {
              "id": "AwsSolutions-L1",
              "reason": "Latest lambda version not supported at this time.",
            },
          ],
        },
      },
      "Properties": {
        "BatchSize": 100,
        "EventSourceArn": {
          "Ref": "referencetoMiTestStackDataplaneTableF492DF1EStreamArn",
        },
        "FunctionName": {
          "Ref": "DynamoDBStreamingFunction",
        },
        "StartingPosition": "LATEST",
        "Tags": [
          {
            "Key": "environment",
            "Value": "mie",
          },
        ],
      },
      "Type": "AWS::Lambda::EventSourceMapping",
    },
    "LambdaStreamRole": {
      "Metadata": {
        "cdk_nag": {
          "rules_to_suppress": [
            {
              "id": "AwsSolutions-IAM5",
              "reason": "The policy applies to all resources - can't be scoped to a specific resource",
            },
          ],
        },
        "cfn_nag": {
          "rules_to_suppress": [
            {
              "id": "W11",
              "reason": "The policy applies to all resources - can't be scoped to a specific resource",
            },
          ],
        },
      },
      "Properties": {
        "AssumeRolePolicyDocument": {
          "Statement": [
            {
              "Action": "sts:AssumeRole",
              "Effect": "Allow",
              "Principal": {
                "Service": "lambda.amazonaws.com",
              },
            },
          ],
          "Version": "2012-10-17",
        },
        "Policies": [
          {
            "PolicyDocument": {
              "Statement": [
                {
                  "Action": [
                    "kinesis:ListShards",
                    "kinesis:DescribeStream",
                    "kinesis:GetRecords",
                    "kinesis:GetShardIterator",
                    "kinesis:ListStreams",
                    "kinesis:DescribeStreamSummary",
                    "kinesis:PutRecord",
                    "kinesis:PutRecords",
                  ],
                  "Effect": "Allow",
                  "Resource": {
                    "Fn::GetAtt": [
                      "AnalyticsStream",
                      "Arn",
                    ],
                  },
                },
                {
                  "Action": [
                    "dynamodb:DescribeStream",
                    "dynamodb:GetRecords",
                    "dynamodb:GetShardIterator",
                    "dynamodb:ListStreams",
                  ],
                  "Effect": "Allow",
                  "Resource": {
                    "Ref": "referencetoMiTestStackDataplaneTableF492DF1EStreamArn",
                  },
                },
                {
                  "Action": [
                    "xray:PutTraceSegments",
                    "xray:PutTelemetryRecords",
                  ],
                  "Effect": "Allow",
                  "Resource": "*",
                },
                {
                  "Action": [
                    "logs:CreateLogGroup",
                    "logs:CreateLogStream",
                    "logs:PutLogEvents",
                  ],
                  "Effect": "Allow",
                  "Resource": {
                    "Fn::Join": [
                      "",
                      [
                        "arn:",
                        {
                          "Ref": "AWS::Partition",
                        },
                        ":logs:",
                        {
                          "Ref": "AWS::Region",
                        },
                        ":",
                        {
                          "Ref": "AWS::AccountId",
                        },
                        ":log-group:/aws/lambda/*-DynamoDBStream*",
                      ],
                    ],
                  },
                },
                {
                  "Action": [
                    "kms:GenerateDataKey",
                    "kms:Decrypt",
                  ],
                  "Effect": "Allow",
                  "Resource": {
                    "Ref": "referencetoMiTestStackMieKeyArn",
                  },
                },
              ],
              "Version": "2012-10-17",
            },
            "PolicyName": {
              "Fn::Join": [
                "",
                [
                  {
                    "Ref": "AWS::StackName",
                  },
                  "-LambdaStreamAccessPolicy",
                ],
              ],
            },
          },
        ],
        "Tags": [
          {
            "Key": "environment",
            "Value": "mie",
          },
        ],
      },
      "Type": "AWS::IAM::Role",
    },
    "LambdaStreamRoleDefaultPolicy": {
      "Metadata": {
        "cdk_nag": {
          "rules_to_suppress": [
            {
              "id": "AwsSolutions-IAM5",
              "reason": "The policy applies to all resources - can't be scoped to a specific resource",
            },
          ],
        },
      },
      "Properties": {
        "PolicyDocument": {
          "Statement": [
            {
              "Action": [
                "xray:PutTraceSegments",
                "xray:PutTelemetryRecords",
              ],
              "Effect": "Allow",
              "Resource": "*",
            },
            {
              "Action": "dynamodb:ListStreams",
              "Effect": "Allow",
              "Resource": "*",
            },
            {
              "Action": [
                "kms:Decrypt",
                "kms:DescribeKey",
              ],
              "Effect": "Allow",
              "Resource": {
                "Ref": "referencetoMiTestStackMieKeyArn",
              },
            },
            {
              "Action": [
                "dynamodb:DescribeStream",
                "dynamodb:GetRecords",
                "dynamodb:GetShardIterator",
              ],
              "Effect": "Allow",
              "Resource": {
                "Ref": "referencetoMiTestStackDataplaneTableF492DF1EStreamArn",
              },
            },
          ],
          "Version": "2012-10-17",
        },
        "PolicyName": "LambdaStreamRoleDefaultPolicy",
        "Roles": [
          {
            "Ref": "LambdaStreamRole",
          },
        ],
      },
      "Type": "AWS::IAM::Policy",
    },
  },
}
`;
